

================================================================
== Vivado HLS Report for 'hamming_window'
================================================================
* Date:           Wed Mar 10 14:36:17 2021

* Version:        2018.3 (Build 2405991 on Thu Dec 06 23:56:15 MST 2018)
* Project:        hamming_window_prj
* Solution:       solution1
* Product family: kintex7
* Target device:  xc7k160tfbg484-1


================================================================
== Performance Estimates
================================================================
+ Timing (ns): 
    * Summary: 
    +--------+-------+----------+------------+
    |  Clock | Target| Estimated| Uncertainty|
    +--------+-------+----------+------------+
    |ap_clk  |   5.00|     3.490|        0.62|
    +--------+-------+----------+------------+

+ Latency (clock cycles): 
    * Summary: 
    +-----+-----+-----+-----+---------+
    |  Latency  |  Interval | Pipeline|
    | min | max | min | max |   Type  |
    +-----+-----+-----+-----+---------+
    |  262|  262|  262|  262|   none  |
    +-----+-----+-----+-----+---------+

    + Detail: 
        * Instance: 
        N/A

        * Loop: 
        +----------+-----+-----+----------+-----------+-----------+------+----------+
        |          |  Latency  | Iteration|  Initiation Interval  | Trip |          |
        | Loop Name| min | max |  Latency |  achieved |   target  | Count| Pipelined|
        +----------+-----+-----+----------+-----------+-----------+------+----------+
        |- Loop 1  |  260|  260|         6|          1|          1|   256|    yes   |
        +----------+-----+-----+----------+-----------+-----------+------+----------+



================================================================
== Utilization Estimates
================================================================
* Summary: 
+-----------------+---------+-------+--------+--------+
|       Name      | BRAM_18K| DSP48E|   FF   |   LUT  |
+-----------------+---------+-------+--------+--------+
|DSP              |        -|      1|       -|       -|
|Expression       |        -|      -|       0|      41|
|FIFO             |        -|      -|       -|       -|
|Instance         |        -|      -|       -|       -|
|Memory           |        1|      -|       0|       0|
|Multiplexer      |        -|      -|       -|      48|
|Register         |        0|      -|     216|      64|
+-----------------+---------+-------+--------+--------+
|Total            |        1|      1|     216|     153|
+-----------------+---------+-------+--------+--------+
|Available        |      650|    600|  202800|  101400|
+-----------------+---------+-------+--------+--------+
|Utilization (%)  |    ~0   |   ~0  |   ~0   |   ~0   |
+-----------------+---------+-------+--------+--------+

+ Detail: 
    * Instance: 
    N/A

    * DSP48: 
    +-------------------------+----------------------+-----------+
    |         Instance        |        Module        | Expression|
    +-------------------------+----------------------+-----------+
    |hamming_window_mucud_U1  |hamming_window_mucud  |  i0 * i1  |
    +-------------------------+----------------------+-----------+

    * Memory: 
    +----------------+----------------------+---------+---+----+------+-----+------+-------------+
    |     Memory     |        Module        | BRAM_18K| FF| LUT| Words| Bits| Banks| W*Bits*Banks|
    +----------------+----------------------+---------+---+----+------+-----+------+-------------+
    |window_coeff_U  |hamming_window_wibkb  |        1|  0|   0|   256|   14|     1|         3584|
    +----------------+----------------------+---------+---+----+------+-----+------+-------------+
    |Total           |                      |        1|  0|   0|   256|   14|     1|         3584|
    +----------------+----------------------+---------+---+----+------+-----+------+-------------+

    * FIFO: 
    N/A

    * Expression: 
    +-------------------------+----------+-------+---+----+------------+------------+
    |      Variable Name      | Operation| DSP48E| FF| LUT| Bitwidth P0| Bitwidth P1|
    +-------------------------+----------+-------+---+----+------------+------------+
    |i_1_fu_96_p2             |     +    |      0|  0|  16|           9|           1|
    |tmp_fu_90_p2             |   icmp   |      0|  0|  13|           9|          10|
    |ap_enable_pp0            |    xor   |      0|  0|   6|           1|           2|
    |ap_enable_reg_pp0_iter1  |    xor   |      0|  0|   6|           2|           1|
    +-------------------------+----------+-------+---+----+------------+------------+
    |Total                    |          |      0|  0|  41|          21|          14|
    +-------------------------+----------+-------+---+----+------------+------------+

    * Multiplexer: 
    +-------------------------+----+-----------+-----+-----------+
    |           Name          | LUT| Input Size| Bits| Total Bits|
    +-------------------------+----+-----------+-----+-----------+
    |ap_NS_fsm                |  21|          4|    1|          4|
    |ap_enable_reg_pp0_iter1  |   9|          2|    1|          2|
    |ap_enable_reg_pp0_iter5  |   9|          2|    1|          2|
    |i_reg_79                 |   9|          2|    9|         18|
    +-------------------------+----+-----------+-----+-----------+
    |Total                    |  48|         10|   12|         26|
    +-------------------------+----+-----------+-----+-----------+

    * Register: 
    +---------------------------+----+----+-----+-----------+
    |            Name           | FF | LUT| Bits| Const Bits|
    +---------------------------+----+----+-----+-----------+
    |ap_CS_fsm                  |   3|   0|    3|          0|
    |ap_enable_reg_pp0_iter0    |   1|   0|    1|          0|
    |ap_enable_reg_pp0_iter1    |   1|   0|    1|          0|
    |ap_enable_reg_pp0_iter2    |   1|   0|    1|          0|
    |ap_enable_reg_pp0_iter3    |   1|   0|    1|          0|
    |ap_enable_reg_pp0_iter4    |   1|   0|    1|          0|
    |ap_enable_reg_pp0_iter5    |   1|   0|    1|          0|
    |i_reg_79                   |   9|   0|    9|          0|
    |indata_load_reg_153        |  16|   0|   16|          0|
    |tmp_1_reg_133              |   9|   0|   64|         55|
    |tmp_4_reg_168              |  30|   0|   30|          0|
    |tmp_reg_124                |   1|   0|    1|          0|
    |window_coeff_load_reg_148  |  14|   0|   14|          0|
    |tmp_1_reg_133              |  64|  32|   64|         55|
    |tmp_reg_124                |  64|  32|    1|          0|
    +---------------------------+----+----+-----+-----------+
    |Total                      | 216|  64|  208|        110|
    +---------------------------+----+----+-----+-----------+



================================================================
== Interface
================================================================
* Summary: 
+------------------+-----+-----+------------+----------------+--------------+
|     RTL Ports    | Dir | Bits|  Protocol  |  Source Object |    C Type    |
+------------------+-----+-----+------------+----------------+--------------+
|ap_clk            |  in |    1| ap_ctrl_hs | hamming_window | return value |
|ap_rst            |  in |    1| ap_ctrl_hs | hamming_window | return value |
|ap_start          |  in |    1| ap_ctrl_hs | hamming_window | return value |
|ap_done           | out |    1| ap_ctrl_hs | hamming_window | return value |
|ap_idle           | out |    1| ap_ctrl_hs | hamming_window | return value |
|ap_ready          | out |    1| ap_ctrl_hs | hamming_window | return value |
|outdata_address0  | out |    8|  ap_memory |     outdata    |     array    |
|outdata_ce0       | out |    1|  ap_memory |     outdata    |     array    |
|outdata_we0       | out |    1|  ap_memory |     outdata    |     array    |
|outdata_d0        | out |   32|  ap_memory |     outdata    |     array    |
|indata_address0   | out |    8|  ap_memory |     indata     |     array    |
|indata_ce0        | out |    1|  ap_memory |     indata     |     array    |
|indata_q0         |  in |   16|  ap_memory |     indata     |     array    |
+------------------+-----+-----+------------+----------------+--------------+

